
> frontend@0.1.0 build
> next build

node.exe : ΓÜá 
Warning: Next.js 
inferred your 
workspace root, but it 
may not be correct.
At line:1 char:1
+ & "C:\Program 
Files\nodejs/node.exe" 
"C:\Program 
Files\nodejs/node_mo 
...
+ ~~~~~~~~~~~~~~~~~~~~~
~~~~~~~~~~~~~~~~~~~~~~~
~~~~~~~~~~~~~~~~~~~~~~~
~~
    + CategoryInfo     
         : NotSpecifi  
  ed: (ΓÜá Warning:    
 Ne...not be correc    
t.:String) [], Rem    
oteException
    + FullyQualifiedEr 
   rorId : NativeComm  
  andError
 
 We detected multiple 
lockfiles and selected 
the directory of 
C:\Users\Aamir Sohail\p
ackage-lock.json as 
the root directory.
 To silence this 
warning, set 
`turbopack.root` in 
your Next.js config, 
or consider removing 
one of the lockfiles 
if it's not needed.
   See https://nextjs.o
rg/docs/app/api-referen
ce/config/next-config-j
s/turbopack#root-direct
ory for more 
information.
 Detected additional 
lockfiles: 
   * C:\Users\Aamir 
Sohail\Desktop\VARIX 2.
0\frontend\package-lock
.json

Γû▓ Next.js 16.1.6 (Turbopack)

  Creating an optimized production build ...

> Build error occurred
Error: Turbopack build 
failed with 1 errors:
./Desktop/VARIX 2.0/fro
ntend/src/app/dashboard
/page.tsx:28:1
Module not found: 
Can't resolve '../compo
nents/enterprise/Metric
Tile'
[0m [90m 26 |[39m
 [90m 27 |[39m 
[90m// Enterprise 
Components[39m
[31m[1m>[22m[39m[9
0m 28 |[39m 
[36mimport[39m 
[33mMetricTile[39m 
[36mfrom[39m [32m"..
/components/enterprise/
MetricTile"[39m[33m;
[39m
 [90m    |[39m [31m
[1m^[22m[39m[31m[1m
^[22m[39m[31m[1m^[
22m[39m[31m[1m^[22m
[39m[31m[1m^[22m[3
9m[31m[1m^[22m[39m
[31m[1m^[22m[39m[31
m[1m^[22m[39m[31m[
1m^[22m[39m[31m[1m^
[22m[39m[31m[1m^[2
2m[39m[31m[1m^[22m
[39m[31m[1m^[22m[39
m[31m[1m^[22m[39m[
31m[1m^[22m[39m[31m
[1m^[22m[39m[31m[1
m^[22m[39m[31m[1m^
[22m[39m[31m[1m^[22
m[39m[31m[1m^[22m[
39m[31m[1m^[22m[39m
[31m[1m^[22m[39m[3
1m[1m^[22m[39m[31m
[1m^[22m[39m[31m[1m
^[22m[39m[31m[1m^[
22m[39m[31m[1m^[22m
[39m[31m[1m^[22m[3
9m[31m[1m^[22m[39m
[31m[1m^[22m[39m[31
m[1m^[22m[39m[31m[
1m^[22m[39m[31m[1m^
[22m[39m[31m[1m^[2
2m[39m[31m[1m^[22m
[39m[31m[1m^[22m[39
m[31m[1m^[22m[39m[
31m[1m^[22m[39m[31m
[1m^[22m[39m[31m[1
m^[22m[39m[31m[1m^
[22m[39m[31m[1m^[22
m[39m[31m[1m^[22m[
39m[31m[1m^[22m[39m
[31m[1m^[22m[39m[3
1m[1m^[22m[39m[31m
[1m^[22m[39m[31m[1m
^[22m[39m[31m[1m^[
22m[39m[31m[1m^[22m
[39m[31m[1m^[22m[3
9m[31m[1m^[22m[39m
[31m[1m^[22m[39m[31
m[1m^[22m[39m[31m[
1m^[22m[39m[31m[1m^
[22m[39m[31m[1m^[2
2m[39m[31m[1m^[22m
[39m[31m[1m^[22m[39
m[31m[1m^[22m[39m[
31m[1m^[22m[39m
 [90m 29 |[39m
 [90m 30 |[39m 
[90m// Context[39m
 [90m 31 |[39m 
[36mimport[39m { 
useSystem } 
[36mfrom[39m [32m"@/
context/SystemContext"
[39m[33m;[39m[0m



Import traces:
  Client Component 
Browser:
    ./Desktop/VARIX 2.0
/frontend/src/app/dashb
oard/page.tsx [Client 
Component Browser]
    ./Desktop/VARIX 2.0
/frontend/src/app/dashb
oard/page.tsx [Server 
Component]

  Client Component SSR:
    ./Desktop/VARIX 2.0
/frontend/src/app/dashb
oard/page.tsx [Client 
Component SSR]
    ./Desktop/VARIX 2.0
/frontend/src/app/dashb
oard/page.tsx [Server 
Component]

https://nextjs.org/docs
/messages/module-not-fo
und


    at <unknown> 
(./Desktop/VARIX 2.0/fr
ontend/src/app/dashboar
d/page.tsx:28:1)
    at <unknown> (https
://nextjs.org/docs/mess
ages/module-not-found)
