src/modules/governance/governance.controller.ts(101,64): error TS2345: Argument of type 'string | string[]' is not assignable to parameter of type 'string'.
  Type 'string[]' is not assignable to type 'string'.
src/services/changes.service.ts(2,15): error TS7016: Could not find a declaration file for module 'lodash'. 'C:/Users/Aamir Sohail/Desktop/VARIX 2.0/backend/node_modules/lodash/lodash.js' implicitly has an 'any' type.
  Try `npm i --save-dev @types/lodash` if it exists or add a new declaration (.d.ts) file containing `declare module 'lodash';`
src/services/consolidation.service.ts(14,17): error TS2353: Object literal may only specify known properties, and 'period' does not exist in type 'IntercompanyTransactionWhereInput'.
src/services/consolidation.service.ts(29,21): error TS2353: Object literal may only specify known properties, and 'transactionId' does not exist in type 'Without<EliminationJournalCreateInput, EliminationJournalUncheckedCreateInput> & EliminationJournalUncheckedCreateInput'.
src/services/consolidation.service.ts(40,25): error TS2353: Object literal may only specify known properties, and 'isEliminated' does not exist in type '(Without<IntercompanyTransactionUpdateInput, IntercompanyTransactionUncheckedUpdateInput> & IntercompanyTransactionUncheckedUpdateInput) | (Without<...> & IntercompanyTransactionUpdateInput)'.
src/services/consolidation.service.ts(66,17): error TS2353: Object literal may only specify known properties, and 'parentRelations' does not exist in type 'EntityInclude<DefaultArgs>'.
src/services/demo.service.ts(107,28): error TS2339: Property 'processBatch' does not exist on type 'IngestionService'.
src/services/demo.service.ts(124,17): error TS2353: Object literal may only specify known properties, and 'industry_metric_name_company_size' does not exist in type 'NetworkMetricWhereUniqueInput'.
src/services/gst.service.ts(2,23): error TS7016: Could not find a declaration file for module 'validator'. 'C:/Users/Aamir Sohail/Desktop/VARIX 2.0/backend/node_modules/validator/index.js' implicitly has an 'any' type.
  Try `npm i --save-dev @types/validator` if it exists or add a new declaration (.d.ts) file containing `declare module 'validator';`
src/services/gst.service.ts(40,21): error TS2561: Object literal may only specify known properties, but 'invoiceNumber' does not exist in type 'Without<GstRecordCreateInput, GstRecordUncheckedCreateInput> & GstRecordUncheckedCreateInput'. Did you mean to write 'invoiceNum'?
src/services/gst.service.ts(55,25): error TS2353: Object literal may only specify known properties, and 'gstRecordId' does not exist in type 'Without<GstValidationCreateInput, GstValidationUncheckedCreateInput> & GstValidationUncheckedCreateInput'.
src/services/planning.service.ts(14,17): error TS2353: Object literal may only specify known properties, and 'totalAmount' does not exist in type 'Without<BudgetCreateInput, BudgetUncheckedCreateInput> & BudgetUncheckedCreateInput'.
src/services/planning.service.ts(34,49): error TS2339: Property 'totalAmount' does not exist on type '{ tenantId: string; id: string; createdAt: Date; name: string; status: string; amount: Decimal; period: string; version: string; }'.
src/services/planning.service.ts(67,17): error TS2353: Object literal may only specify known properties, and 'status' does not exist in type 'Without<ForecastVersionCreateInput, ForecastVersionUncheckedCreateInput> & ForecastVersionUncheckedCreateInput'.
src/services/report.service.ts(3,46): error TS2307: Cannot find module './integrity.service' or its corresponding type declarations.
src/services/simulation.service.ts(4,40): error TS2307: Cannot find module './ingestion.service' or its corresponding type declarations.
src/services/sync.service.ts(29,17): error TS2561: Object literal may only specify known properties, but 'tenantId' does not exist in type '(Without<SyncJobCreateInput, SyncJobUncheckedCreateInput> & SyncJobUncheckedCreateInput) | (Without<...> & SyncJobCreateInput)'. Did you mean to write 'tenant_id'?
src/services/sync.service.ts(40,44): error TS2561: Object literal may only specify known properties, but 'startedAt' does not exist in type '(Without<SyncJobUpdateInput, SyncJobUncheckedUpdateInput> & SyncJobUncheckedUpdateInput) | (Without<...> & SyncJobUpdateInput)'. Did you mean to write 'started_at'?
src/services/sync.service.ts(58,21): error TS2561: Object literal may only specify known properties, but 'completedAt' does not exist in type '(Without<SyncJobUpdateInput, SyncJobUncheckedUpdateInput> & SyncJobUncheckedUpdateInput) | (Without<...> & SyncJobUpdateInput)'. Did you mean to write 'completed_at'?
src/services/sync.service.ts(76,43): error TS2561: Object literal may only specify known properties, but 'completedAt' does not exist in type '(Without<SyncJobUpdateInput, SyncJobUncheckedUpdateInput> & SyncJobUncheckedUpdateInput) | (Without<...> & SyncJobUpdateInput)'. Did you mean to write 'completed_at'?
src/services/sync.service.ts(81,21): error TS2561: Object literal may only specify known properties, but 'jobId' does not exist in type '(Without<SyncLogCreateInput, SyncLogUncheckedCreateInput> & SyncLogUncheckedCreateInput) | (Without<...> & SyncLogCreateInput)'. Did you mean to write 'job_id'?
